  [  1/105] Unitemized Contributions                           -> no_results         
  [  2/105] Congressional Leadership Fund                      -> no_results         
  [  3/105] MUNGER, JR., CHARLES T.                            -> no_results         
  [  4/105] Fund for Policy Reform                             -> no_results         
  [  5/105] HMP FOR PROP 50 (FED PAC ID #C00495028)            -> no_results         
  [  6/105] No on Prop 50 Congressional Leadership Fund (FED P -> no_results         
  [  7/105] National Education Association                     -> no_results         
  [  8/105] California Nurses Association                      -> no_results         
  [  9/105] Newsom for California Governor 2022                -> no_results         
  [ 10/105] Ver??Nica Guzm??N                                  -> no_results         
  [ 11/105] Franklin Young Int'l Inc.                          -> no_results         
  [ 12/105] Democratic Action, Yes on 50, sponsored by Democra -> no_results         
  [ 13/105] Consumer Attorneys of California Issues Political  -> no_results         
  [ 14/105] Information Requested                              -> no_results         
  [ 15/105] Working for Working Americans Sponsored By United  -> no_results         
  [ 16/105] California Conference of Carpenters-Building Commu -> no_results         
  [ 17/105] AMERICAN FEDERATION OF STATE, COUNTY AND MUNICIPAL -> no_results         
  [ 18/105] Advocacy Action Fund                               -> no_results         
  [ 19/105] Kevin McCarthy for Congress (FEC ID #C00420935)    -> no_results         
  [ 20/105] CAMPAIGN FOR A SAFE AND HEALTHY CALIFORNIA, SPONSO -> no_results         
  [ 21/105] Siebel, Thomas M.                                  -> no_results         
  [ 22/105] United Domestic Workers of America Issues PAC      -> no_results         
  [ 23/105] Medley Partners Management, LLC                    -> no_results         
  [ 24/105] California Faculty Association Political Issues Co -> no_results         
  [ 25/105] No employer                                        -> no_results         
  [ 26/105] Contributors Listed on the FEC report of  GiveGree -> no_results         
  [ 27/105] Geolo Capital                                      -> no_results         
  [ 28/105] Give Forward Foundation                            -> no_results         
  [ 29/105] NORTHERN CALIFORNIA CARPENTERS REGIONAL COUNCIL IS -> no_results         
  [ 30/105] Western States Regional Council of Carpenters Issu -> no_results         
  [ 31/105] California Community Foundation                    -> no_results         
  [ 32/105] Greene, Broillet & Wheeler, LLP                    -> no_results         
  [ 33/105] Singleton & Schreiber, LLP                         -> no_results         
  [ 34/105] Marisla Foundation                                 -> ok          813311 Marisla Foundation
  [ 35/105] McNicholas & McNicholas, LLP                       -> no_results         
  [ 36/105] Bentley and More, LLP                              -> no_results         
  [ 37/105] Panish, Shea & Ravipudi, LLP                       -> no_results         
  [ 38/105] Cotchett, Pitre & McCarthy, LLP                    -> no_results         
  [ 39/105] United Nurses Association of California/Union of H -> no_results         
  [ 40/105] Altair Law, LLP                                    -> no_results         
  [ 41/105] Shernoff, Bidart & Echeverria, LLP                 -> no_results         
  [ 42/105] Progressive Era PAC                                -> no_results         
  [ 43/105] PROGRESSIVE ERA ISSUES COMMITTEE SUPPORTING YES ON -> no_results         
  [ 44/105] Progressive Era Issues Committee Supporting Yes on -> no_results         
  [ 45/105] American Association for Justice Political Action  -> no_results         
  [ 46/105] Pete Aguilar for Congress                          -> no_results         
  [ 47/105] AES Distributed Energy Inc.                        -> no_results         
  [ 48/105] Geoff Ralston, Founder                             -> no_results         
  [ 49/105] Law Offices of Todd B. Becker                      -> no_results         
  [ 50/105] ACTS Law                                           -> no_results         
  [ 51/105] Defend the Vote PAC (FEC ID # C00764233)           -> no_results         
  [ 52/105] MOVEON.ORG POLITICAL ACTION (FEC PAC ID C00341396) -> no_results         
  [ 53/105] UNITED FOOD AND COMMERCIAL WORKERS WESTERN STATES  -> no_results         
  [ 54/105] Robs Tile                                          -> no_results         
  [ 55/105] UnitedHealthCare - Corporate - California Major Do -> no_results         
  [ 56/105] Votar es Poder - Yes on 50 (FED PAC ID#C00758011)  -> no_results         
  [ 57/105] Taylor & Ring, LLP                                 -> no_results         
  [ 58/105] Progressive Era Issues Committee Supporting Yes on -> no_results         
  [ 59/105] Frank Penney Injury Lawyers                        -> ok          541110 Frank Penney Injury Lawyers
  [ 60/105] Corey, Luzaich, de Ghetaldi & Riddle, LLP          -> no_results         
  [ 61/105] Ucsc                                               -> ok          611310 Ucsc Extension Silicon Valley
  [ 62/105] BD&J                                               -> no_results         
  [ 63/105] Arias, Sanguinetti, Wang & Team, LLP               -> no_results         
  [ 64/105] Glotel                                             -> no_results         
  [ 65/105] Motor Vehicle Software Corporation/dba VITU        -> no_results         
  [ 66/105] Karen Frances Grove Trust                          -> no_results         
  [ 67/105] Rachel Gelman                                      -> no_results         
  [ 68/105] Paboojian, Inc.                                    -> no_results         
  [ 69/105] Sweet James Accident Attorneys                     -> ok          524298 Sweet James Accident Attorneys
  [ 70/105] Arias & Sanguinetti, LLP                           -> no_results         
  [ 71/105] Dordick Law Corporation                            -> no_results         
  [ 72/105] Johnston & Hutchinson, LLP                         -> no_results         
  [ 73/105] TorkLaw                                            -> ok          524298 Torklaw
  [ 74/105] Phoong Law Corporation                             -> no_results         
  [ 75/105] Carl William Robertson, Jr.                        -> no_results         
  [ 76/105] Kershaw, Talley & Barlow                           -> no_results         
  [ 77/105] Theodore Spencer, Environmental Policy Consultant  -> no_results         
  [ 78/105] California Nurses Association PAC (CNA-PAC)        -> no_results         
  [ 79/105] Doug LaMalfa Committee (FEC ID #C00509422)         -> no_results         
  [ 80/105] Self Employed - Christoph Tribull                  -> no_results         
  [ 81/105] McArthur Glen Europe                               -> no_results         
  [ 82/105] Khouri, Laura                                      -> no_results         
  [ 83/105] Stop Project 2025 (FED PAC ID# C00884874) Yes on 5 -> no_results         
  [ 84/105] Larger Than Life                                   -> ok          487990 Larger Than Life Inflatables
  [ 85/105] Hayde, Michael K.                                  -> no_results         
  [ 86/105] Independent                                        -> ok          921120 Alameda County Independent
  [ 87/105] Defend the Vote, Yes on 50 (FED PAC ID# C00764233) -> no_results         
  [ 88/105] Progressive Era Issues Committee Supporting Yes of -> no_results         
  [ 89/105] Epic Level                                         -> no_results         
  [ 90/105] Odyssey                                            -> ok          722511 Odyssey
  [ 91/105] OC Action (nonprofit 501(c)(4)) Yes on Prop 50     -> no_results         
  [ 92/105] Buttonwillow Warehouse Company                     -> no_results         
  [ 93/105] AMMACASO, Inc.                                     -> no_results         
  [ 94/105] E. Jane Akers                                      -> no_results         
  [ 95/105] Palantir Technologies                              -> ok          513210 Palantir Technologies
  [ 96/105] Fox Law, APC                                       -> no_results         
  [ 97/105] G. H. Palmer Associates                            -> no_results         
  [ 98/105] Law Offices of Burg & Brock                        -> ok          541110 Law Offices of Burg & Brock
  [ 99/105] Ashton & Price, LLP                                -> no_results         
  [100/105] CALIFORNIA WORKS: SENATOR TONI ATKINS BALLOT MEASU -> no_results         
  [101/105] Saunders, John                                     -> no_results         
  [102/105] SUPPORTING CALIFORNIA'S COMMUNITIES: ASM. CHRIS WA -> no_results         
  [103/105] Guttman Initiatives                                -> no_results         
  [104/105] Klein Financial Corporation                        -> no_results         
  [105/105] Je2 LLC                                            -> no_results         

######################################################################
# Race: power_search_ballot_measures_2526_pt1.csv
######################################################################

======================================================================
STEP 0 — filter qualifying donations (org + non-company aware)
======================================================================
  Total donations:                    198,869   $    220,049,629
  Qualifying (>$10,000, any donor type):
    rows:          232   ( 0.12% of input rows)
    $ value: $   200,469,316   (91.10% of input $)
    breakdown:  individual=48  organization=165  non-company=19
  Unique entities (aggregated):     172

======================================================================
PART 1 — masterfile match (running_list.csv)
======================================================================
  Reference rows in running_list:      62,475
  Employers matched:                        23   (13.37% of 172)
  Donations matched:                        33   (14.22% of 232)

======================================================================
PART 1.5 — auto-classify non-company individuals
======================================================================
  Rows tagged 'non-company individual': 12

======================================================================
PART 2 — keyword match (fallback)
======================================================================
  Keywords loaded (after expansion + dedupe): 325
  Employers unmatched after Part 1:           137
  Newly matched by keyword:                   32   (23.36% of remaining)

======================================================================
PART 3 — EDD lookup for unmatched entities
======================================================================
  Unmatched rows:                     105
  Distinct names to query:            105
  EDD matches with valid NAICS:        10   ( 9.52% of unique queries)

======================================================================
FINAL SUMMARY — power_search_ballot_measures_2526_pt1
======================================================================
  Total entities: 172    Total donations: 232

  masterfile      entities:   23 (13.37%)   donations:   33 (14.22%)
  non-company individual  entities:   12 ( 6.98%)   donations:   13 ( 5.60%)
  keyword match   entities:   32 (18.60%)   donations:   38 (16.38%)
  edd             entities:   10 ( 5.81%)   donations:   10 ( 4.31%)
  unmatched       entities:   95 (55.23%)   donations:  138 (59.48%)

  Wrote: /Users/kateli/Desktop/CalMatters/campaign finance categorization/output/05_output/power_search_ballot_measures_2526_pt1_classified.csv  (172 rows)

======================================================================
CROSS-RACE COVERAGE RECAP
======================================================================
  race                                       entities    matched       %
  power_search_ballot_measures_2526_pt1           172         77  44.77%
